
> sprite-walker@1.0.0 start
> node server/index.js

[2026-09-03T09:11:00.027Z] Sprite Walker server running at http://localhost:3847
[2026-09-03T09:11:00.027Z] Listening to Twitch channel: #subcidal
[2026-09-03T09:11:00.027Z] Max sprites: 50
[2026-09-03T09:11:00.028Z] Cooldowns: wave=4000ms, attack=5000ms
[2026-09-03T09:11:00.027Z] Sprite Walker server running at http://localhost:3847
[2026-09-03T09:11:00.027Z] Listening to Twitch channel: #subcidal
[2026-09-03T09:11:00.027Z] Max sprites: 50
[2026-09-03T09:11:00.028Z] Cooldowns: wave=4000ms, attack=5000ms
[2026-09-03T09:11:07.170Z] [Twitch] Subcidal: !join
[2026-09-03T09:11:07.170Z] [Twitch] Subcidal: !join
[2026-09-03T09:11:07.171Z] [Join] Subcidal joined with Minecraft skin: Subcidal
[2026-09-03T09:11:07.171Z] [Join] Subcidal joined with Minecraft skin: Subcidal
[2026-09-03T09:11:19.367Z] OBS Overlay connected via WebSocket
[2026-09-03T09:11:19.367Z] OBS Overlay connected via WebSocket
[2026-09-03T09:11:24.137Z] [Twitch] Subcidal: !slime
[2026-09-03T09:11:24.137Z] [Slime] Manual slime spawn requested by Subcidal
[2026-09-03T09:11:24.137Z] [Twitch] Subcidal: !slime
[2026-09-03T09:11:24.137Z] [Slime] Manual slime spawn requested by Subcidal
[2026-09-03T09:11:26.859Z] [Twitch] Subcidal: !ai
[2026-09-03T09:11:26.859Z] [Twitch] Subcidal: !ai
[2026-09-03T09:11:26.859Z] [AI Spawn] AI character spawned with Steve skin
[2026-09-03T09:11:26.859Z] [AI Spawn] AI character spawned with Steve skin
[2026-09-03T09:11:28.222Z] [Slime Attack] Slime hit AI for -3 HP (97/100)
[2026-09-03T09:11:28.222Z] [Slime Attack] Slime hit AI for -3 HP (97/100)
[2026-09-03T09:11:31.403Z] [Twitch] Subcidal: !slime
[2026-09-03T09:11:31.403Z] [Twitch] Subcidal: !slime
[2026-09-03T09:11:31.403Z] [Slime] Manual slime spawn requested by Subcidal
[2026-09-03T09:11:31.403Z] [Slime] Manual slime spawn requested by Subcidal
[2026-09-03T09:11:33.074Z] [Twitch] Subcidal: Slime
[2026-09-03T09:11:33.074Z] [Twitch] Subcidal: Slime
[2026-09-03T09:11:33.954Z] [Slime Attack] Slime hit Subcidal for -3 HP (97/100)
[2026-09-03T09:11:33.954Z] [Slime Attack] Slime hit Subcidal for -3 HP (97/100)
[2026-09-03T09:11:40.258Z] [Twitch] Subcidal: !slime
[2026-09-03T09:11:40.258Z] [Twitch] Subcidal: !slime
[2026-09-03T09:11:40.258Z] [Slime] Manual slime spawn requested by Subcidal
[2026-09-03T09:11:40.258Z] [Slime] Manual slime spawn requested by Subcidal
[2026-09-03T09:11:44.297Z] [Twitch] Subcidal: !attack
[2026-09-03T09:11:44.297Z] [Twitch] Subcidal: !attack
[2026-09-03T09:11:44.297Z] [Attack] Subcidal attacked slime/mob target (nearest)
[2026-09-03T09:11:44.297Z] [Attack] Subcidal attacked slime/mob target (nearest)
[2026-09-03T09:11:48.657Z] [Twitch] Subcidal: !attack
[2026-09-03T09:11:48.657Z] [Twitch] Subcidal: !attack
[2026-09-03T09:11:48.657Z] [Cooldown] Subcidal attack on cooldown
[2026-09-03T09:11:48.657Z] [Cooldown] Subcidal attack on cooldown
[2026-09-03T09:11:49.821Z] [Slime Attack] Slime hit AI for -3 HP (94/100)
[2026-09-03T09:11:49.821Z] [Slime Attack] Slime hit AI for -3 HP (94/100)
[2026-09-03T09:11:51.367Z] [Twitch] Subcidal: !attack
[2026-09-03T09:11:51.367Z] [Twitch] Subcidal: !attack
[2026-09-03T09:11:51.367Z] [Attack] Subcidal attacked slime/mob target (nearest)
[2026-09-03T09:11:51.367Z] [Attack] Subcidal attacked slime/mob target (nearest)
[2026-09-03T09:12:19.321Z] [Slime Attack] Slime hit Subcidal for -2 HP (95/100)
[2026-09-03T09:12:19.321Z] [Slime Attack] Slime hit Subcidal for -2 HP (95/100)
[2026-09-03T09:12:21.854Z] [Slime Attack] Slime hit AI for -2 HP (92/100)
[2026-09-03T09:12:21.854Z] [Slime Attack] Slime hit AI for -2 HP (92/100)
[2026-09-03T09:12:28.021Z] [Slime Attack] Slime hit Subcidal for -3 HP (92/100)
[2026-09-03T09:12:28.021Z] [Slime Attack] Slime hit Subcidal for -3 HP (92/100)
[2026-09-03T09:12:48.554Z] [Slime Attack] Slime hit Subcidal for -3 HP (89/100)
[2026-09-03T09:12:48.554Z] [Slime Attack] Slime hit Subcidal for -3 HP (89/100)
[2026-09-03T09:13:17.120Z] [Slime Attack] Slime hit AI for -2 HP (90/100)
[2026-09-03T09:13:17.120Z] [Slime Attack] Slime hit AI for -2 HP (90/100)
[2026-09-03T09:13:24.087Z] [Slime Attack] Slime hit AI for -2 HP (88/100)
[2026-09-03T09:13:24.087Z] [Slime Attack] Slime hit AI for -2 HP (88/100)
[2026-09-03T09:13:25.020Z] [Slime Attack] Slime hit AI for -3 HP (85/100)
[2026-09-03T09:13:25.020Z] [Slime Attack] Slime hit AI for -3 HP (85/100)
[2026-09-03T09:13:49.186Z] [Slime Attack] Slime hit Subcidal for -3 HP (86/100)
[2026-09-03T09:13:49.186Z] [Slime Attack] Slime hit Subcidal for -3 HP (86/100)
[2026-09-03T09:14:09.520Z] [Slime Attack] Slime hit AI for -2 HP (83/100)
[2026-09-03T09:14:09.520Z] [Slime Attack] Slime hit AI for -2 HP (83/100)
[2026-09-03T09:14:16.920Z] [Slime Attack] Slime hit AI for -2 HP (81/100)
[2026-09-03T09:14:16.920Z] [Slime Attack] Slime hit AI for -2 HP (81/100)
[2026-09-03T09:14:25.319Z] [Slime Attack] Slime hit AI for -3 HP (78/100)
[2026-09-03T09:14:25.319Z] [Slime Attack] Slime hit AI for -3 HP (78/100)
[2026-09-03T09:14:49.119Z] [Slime Attack] Slime hit Subcidal for -3 HP (83/100)
[2026-09-03T09:14:49.119Z] [Slime Attack] Slime hit Subcidal for -3 HP (83/100)
[2026-09-03T09:15:05.985Z] [Slime Attack] Slime hit Subcidal for -2 HP (81/100)
[2026-09-03T09:15:05.985Z] [Slime Attack] Slime hit Subcidal for -2 HP (81/100)
[2026-09-03T09:15:10.953Z] [Slime Attack] Slime hit Subcidal for -2 HP (79/100)
[2026-09-03T09:15:10.953Z] [Slime Attack] Slime hit Subcidal for -2 HP (79/100)
[2026-09-03T09:15:20.185Z] [Slime Attack] Slime hit Subcidal for -3 HP (76/100)
[2026-09-03T09:15:20.185Z] [Slime Attack] Slime hit Subcidal for -3 HP (76/100)
